../Core/Src/main.c:76:6:blinkTask	8	static
../Core/Src/main.c:81:6:tempTask	4	static
../Core/Src/main.c:99:5:main	16	static,ignoring_inline_asm
../Core/Src/main.c:161:6:SystemClock_Config	88	static
../Core/Src/main.c:207:13:MX_ADC1_Init	24	static
../Core/Src/main.c:259:13:MX_TIM2_Init	32	static
../Core/Src/main.c:302:13:MX_DMA_Init	16	static
../Core/Src/main.c:320:13:MX_GPIO_Init	40	static
../Core/Src/main.c:356:6:HAL_TIM_PeriodElapsedCallback	16	static
../Core/Src/main.c:364:6:HAL_ADC_ConvCpltCallback	40	static
../Core/Src/main.c:382:6:HAL_GPIO_EXTI_Callback	16	static
../Core/Src/main.c:388:13:enterStop	8	static
../Core/Src/main.c:408:6:Error_Handler	4	static,ignoring_inline_asm
