../Core/Src/main.c:77:5:main	8	static,ignoring_inline_asm
../Core/Src/main.c:130:6:SystemClock_Config	88	static
../Core/Src/main.c:176:13:MX_ADC1_Init	24	static
../Core/Src/main.c:228:13:MX_TIM2_Init	32	static
../Core/Src/main.c:271:13:MX_DMA_Init	16	static
../Core/Src/main.c:289:13:MX_GPIO_Init	40	static
../Core/Src/main.c:331:6:HAL_TIM_PeriodElapsedCallback	16	static
../Core/Src/main.c:340:6:HAL_ADC_ConvCpltCallback	16	static
../Core/Src/main.c:347:6:HAL_GPIO_EXTI_Callback	16	static
../Core/Src/main.c:359:6:Error_Handler	4	static,ignoring_inline_asm
